Archive member included to satisfy reference by file (symbol)

C:/ST/STM32CubeIDE_1.11.0/STM32CubeIDE/plugins/com.st.stm32cube.ide.mcu.externaltools.gnu-tools-for-stm32.13.3.rel1.win32_1.0.0.202411081344/tools/bin/../lib/gcc/arm-none-eabi/13.3.1/../../../../arm-none-eabi/lib/thumb/v7e-m+dp/hard\libc_nano.a(libc_a-exit.o)
                              C:/ST/STM32CubeIDE_1.11.0/STM32CubeIDE/plugins/com.st.stm32cube.ide.mcu.externaltools.gnu-tools-for-stm32.13.3.rel1.win32_1.0.0.202411081344/tools/bin/../lib/gcc/arm-none-eabi/13.3.1/../../../../arm-none-eabi/lib/thumb/v7e-m+dp/hard/crt0.o (exit)
C:/ST/STM32CubeIDE_1.11.0/STM32CubeIDE/plugins/com.st.stm32cube.ide.mcu.externaltools.gnu-tools-for-stm32.13.3.rel1.win32_1.0.0.202411081344/tools/bin/../lib/gcc/arm-none-eabi/13.3.1/../../../../arm-none-eabi/lib/thumb/v7e-m+dp/hard\libc_nano.a(libc_a-findfp.o)
                              C:/ST/STM32CubeIDE_1.11.0/STM32CubeIDE/plugins/com.st.stm32cube.ide.mcu.externaltools.gnu-tools-for-stm32.13.3.rel1.win32_1.0.0.202411081344/tools/bin/../lib/gcc/arm-none-eabi/13.3.1/../../../../arm-none-eabi/lib/thumb/v7e-m+dp/hard\libc_nano.a(libc_a-exit.o) (__stdio_exit_handler)
C:/ST/STM32CubeIDE_1.11.0/STM32CubeIDE/plugins/com.st.stm32cube.ide.mcu.externaltools.gnu-tools-for-stm32.13.3.rel1.win32_1.0.0.202411081344/tools/bin/../lib/gcc/arm-none-eabi/13.3.1/../../../../arm-none-eabi/lib/thumb/v7e-m+dp/hard\libc_nano.a(libc_a-fwalk.o)
                              C:/ST/STM32CubeIDE_1.11.0/STM32CubeIDE/plugins/com.st.stm32cube.ide.mcu.externaltools.gnu-tools-for-stm32.13.3.rel1.win32_1.0.0.202411081344/tools/bin/../lib/gcc/arm-none-eabi/13.3.1/../../../../arm-none-eabi/lib/thumb/v7e-m+dp/hard\libc_nano.a(libc_a-findfp.o) (_fwalk_sglue)
C:/ST/STM32CubeIDE_1.11.0/STM32CubeIDE/plugins/com.st.stm32cube.ide.mcu.externaltools.gnu-tools-for-stm32.13.3.rel1.win32_1.0.0.202411081344/tools/bin/../lib/gcc/arm-none-eabi/13.3.1/../../../../arm-none-eabi/lib/thumb/v7e-m+dp/hard\libc_nano.a(libc_a-stdio.o)
                              C:/ST/STM32CubeIDE_1.11.0/STM32CubeIDE/plugins/com.st.stm32cube.ide.mcu.externaltools.gnu-tools-for-stm32.13.3.rel1.win32_1.0.0.202411081344/tools/bin/../lib/gcc/arm-none-eabi/13.3.1/../../../../arm-none-eabi/lib/thumb/v7e-m+dp/hard\libc_nano.a(libc_a-findfp.o) (__sread)
C:/ST/STM32CubeIDE_1.11.0/STM32CubeIDE/plugins/com.st.stm32cube.ide.mcu.externaltools.gnu-tools-for-stm32.13.3.rel1.win32_1.0.0.202411081344/tools/bin/../lib/gcc/arm-none-eabi/13.3.1/../../../../arm-none-eabi/lib/thumb/v7e-m+dp/hard\libc_nano.a(libc_a-memset.o)
                              C:/ST/STM32CubeIDE_1.11.0/STM32CubeIDE/plugins/com.st.stm32cube.ide.mcu.externaltools.gnu-tools-for-stm32.13.3.rel1.win32_1.0.0.202411081344/tools/bin/../lib/gcc/arm-none-eabi/13.3.1/../../../../arm-none-eabi/lib/thumb/v7e-m+dp/hard/crt0.o (memset)
C:/ST/STM32CubeIDE_1.11.0/STM32CubeIDE/plugins/com.st.stm32cube.ide.mcu.externaltools.gnu-tools-for-stm32.13.3.rel1.win32_1.0.0.202411081344/tools/bin/../lib/gcc/arm-none-eabi/13.3.1/../../../../arm-none-eabi/lib/thumb/v7e-m+dp/hard\libc_nano.a(libc_a-closer.o)
                              C:/ST/STM32CubeIDE_1.11.0/STM32CubeIDE/plugins/com.st.stm32cube.ide.mcu.externaltools.gnu-tools-for-stm32.13.3.rel1.win32_1.0.0.202411081344/tools/bin/../lib/gcc/arm-none-eabi/13.3.1/../../../../arm-none-eabi/lib/thumb/v7e-m+dp/hard\libc_nano.a(libc_a-stdio.o) (_close_r)
C:/ST/STM32CubeIDE_1.11.0/STM32CubeIDE/plugins/com.st.stm32cube.ide.mcu.externaltools.gnu-tools-for-stm32.13.3.rel1.win32_1.0.0.202411081344/tools/bin/../lib/gcc/arm-none-eabi/13.3.1/../../../../arm-none-eabi/lib/thumb/v7e-m+dp/hard\libc_nano.a(libc_a-reent.o)
                              C:/ST/STM32CubeIDE_1.11.0/STM32CubeIDE/plugins/com.st.stm32cube.ide.mcu.externaltools.gnu-tools-for-stm32.13.3.rel1.win32_1.0.0.202411081344/tools/bin/../lib/gcc/arm-none-eabi/13.3.1/../../../../arm-none-eabi/lib/thumb/v7e-m+dp/hard\libc_nano.a(libc_a-closer.o) (errno)
C:/ST/STM32CubeIDE_1.11.0/STM32CubeIDE/plugins/com.st.stm32cube.ide.mcu.externaltools.gnu-tools-for-stm32.13.3.rel1.win32_1.0.0.202411081344/tools/bin/../lib/gcc/arm-none-eabi/13.3.1/../../../../arm-none-eabi/lib/thumb/v7e-m+dp/hard\libc_nano.a(libc_a-impure.o)
                              C:/ST/STM32CubeIDE_1.11.0/STM32CubeIDE/plugins/com.st.stm32cube.ide.mcu.externaltools.gnu-tools-for-stm32.13.3.rel1.win32_1.0.0.202411081344/tools/bin/../lib/gcc/arm-none-eabi/13.3.1/../../../../arm-none-eabi/lib/thumb/v7e-m+dp/hard\libc_nano.a(libc_a-reent.o) (_impure_ptr)
C:/ST/STM32CubeIDE_1.11.0/STM32CubeIDE/plugins/com.st.stm32cube.ide.mcu.externaltools.gnu-tools-for-stm32.13.3.rel1.win32_1.0.0.202411081344/tools/bin/../lib/gcc/arm-none-eabi/13.3.1/../../../../arm-none-eabi/lib/thumb/v7e-m+dp/hard\libc_nano.a(libc_a-lseekr.o)
[...]
Memory Configuration

Name             Origin             Length             Attributes
FLASH            0x08000000         0x00080000         xr
FLASH2           0x08100000         0x00080000         xr
DTCMRAM          0x20000000         0x00020000         xrw
RAM_D1           0x24000000         0x00080000         xrw
RAM_D2           0x30000000         0x00048000         xrw
RAM_D3           0x38000000         0x00010000         xrw
ITCMRAM          0x00000000         0x00010000         xrw
*default*        0x00000000         0xffffffff

Linker script and memory map

LOAD C:/ST/STM32CubeIDE_1.11.0/STM32CubeIDE/plugins/com.st.stm32cube.ide.mcu.externaltools.gnu-tools-for-stm32.13.3.rel1.win32_1.0.0.202411081344/tools/bin/../lib/gcc/arm-none-eabi/13.3.1/thumb/v7e-m+dp/hard/crti.o
LOAD C:/ST/STM32CubeIDE_1.11.0/STM32CubeIDE/plugins/com.st.stm32cube.ide.mcu.externaltools.gnu-tools-for-stm32.13.3.rel1.win32_1.0.0.202411081344/tools/bin/../lib/gcc/arm-none-eabi/13.3.1/thumb/v7e-m+dp/hard/crtbegin.o
LOAD C:/ST/STM32CubeIDE_1.11.0/STM32CubeIDE/plugins/com.st.stm32cube.ide.mcu.externaltools.gnu-tools-for-stm32.13.3.rel1.win32_1.0.0.202411081344/tools/bin/../lib/gcc/arm-none-eabi/13.3.1/../../../../arm-none-eabi/lib/thumb/v7e-m+dp/hard/crt0.o
LOAD ./Core/Src/fpga_access.o
LOAD ./Core/Src/main.o
LOAD ./Core/Src/stm32h7xx_hal_msp.o
LOAD ./Core/Src/stm32h7xx_it.o
LOAD ./Core/Src/syscalls.o
LOAD ./Core/Src/sysmem.o
LOAD ./Core/Src/system_stm32h7xx.o
LOAD ./Core/Startup/startup_stm32h743igkx.o
LOAD ./Drivers/STM32H7xx_HAL_Driver/Src/stm32h7xx_hal.o
LOAD ./Drivers/STM32H7xx_HAL_Driver/Src/stm32h7xx_hal_cortex.o
LOAD ./Drivers/STM32H7xx_HAL_Driver/Src/stm32h7xx_hal_dma.o
LOAD ./Drivers/STM32H7xx_HAL_Driver/Src/stm32h7xx_hal_dma_ex.o
LOAD ./Drivers/STM32H7xx_HAL_Driver/Src/stm32h7xx_hal_exti.o
LOAD ./Drivers/STM32H7xx_HAL_Driver/Src/stm32h7xx_hal_flash.o
LOAD ./Drivers/STM32H7xx_HAL_Driver/Src/stm32h7xx_hal_flash_ex.o
LOAD ./Drivers/STM32H7xx_HAL_Driver/Src/stm32h7xx_hal_gpio.o
LOAD ./Drivers/STM32H7xx_HAL_Driver/Src/stm32h7xx_hal_hsem.o
LOAD ./Drivers/STM32H7xx_HAL_Driver/Src/stm32h7xx_hal_i2c.o
LOAD ./Drivers/STM32H7xx_HAL_Driver/Src/stm32h7xx_hal_i2c_ex.o
LOAD ./Drivers/STM32H7xx_HAL_Driver/Src/stm32h7xx_hal_mdma.o
LOAD ./Drivers/STM32H7xx_HAL_Driver/Src/stm32h7xx_hal_nand.o
LOAD ./Drivers/STM32H7xx_HAL_Driver/Src/stm32h7xx_hal_nor.o
LOAD ./Drivers/STM32H7xx_HAL_Driver/Src/stm32h7xx_hal_pwr.o
LOAD ./Drivers/STM32H7xx_HAL_Driver/Src/stm32h7xx_hal_pwr_ex.o
LOAD ./Drivers/STM32H7xx_HAL_Driver/Src/stm32h7xx_hal_rcc.o
LOAD ./Drivers/STM32H7xx_HAL_Driver/Src/stm32h7xx_hal_rcc_ex.o
LOAD ./Drivers/STM32H7xx_HAL_Driver/Src/stm32h7xx_hal_sdram.o
LOAD ./Drivers/STM32H7xx_HAL_Driver/Src/stm32h7xx_hal_sram.o
LOAD ./Drivers/STM32H7xx_HAL_Driver/Src/stm32h7xx_hal_tim.o
LOAD ./Drivers/STM32H7xx_HAL_Driver/Src/stm32h7xx_hal_tim_ex.o
LOAD ./Drivers/STM32H7xx_HAL_Driver/Src/stm32h7xx_ll_fmc.o
START GROUP
LOAD C:/ST/STM32CubeIDE_1.11.0/STM32CubeIDE/plugins/com.st.stm32cube.ide.mcu.externaltools.gnu-tools-for-stm32.13.3.rel1.win32_1.0.0.202411081344/tools/bin/../lib/gcc/arm-none-eabi/13.3.1/../../../../arm-none-eabi/lib/thumb/v7e-m+dp/hard\libc_nano.a
LOAD C:/ST/STM32CubeIDE_1.11.0/STM32CubeIDE/plugins/com.st.stm32cube.ide.mcu.externaltools.gnu-tools-for-stm32.13.3.rel1.win32_1.0.0.202411081344/tools/bin/../lib/gcc/arm-none-eabi/13.3.1/../../../../arm-none-eabi/lib/thumb/v7e-m+dp/hard\libm.a
END GROUP
START GROUP
LOAD C:/ST/STM32CubeIDE_1.11.0/STM32CubeIDE/plugins/com.st.stm32cube.ide.mcu.externaltools.gnu-tools-for-stm32.13.3.rel1.win32_1.0.0.202411081344/tools/bin/../lib/gcc/arm-none-eabi/13.3.1/thumb/v7e-m+dp/hard\libgcc.a
LOAD C:/ST/STM32CubeIDE_1.11.0/STM32CubeIDE/plugins/com.st.stm32cube.ide.mcu.externaltools.gnu-tools-for-stm32.13.3.rel1.win32_1.0.0.202411081344/tools/bin/../lib/gcc/arm-none-eabi/13.3.1/../../../../arm-none-eabi/lib/thumb/v7e-m+dp/hard\libc_nano.a
END GROUP
START GROUP
LOAD C:/ST/STM32CubeIDE_1.11.0/STM32CubeIDE/plugins/com.st.stm32cube.ide.mcu.externaltools.gnu-tools-for-stm32.13.3.rel1.win32_1.0.0.202411081344/tools/bin/../lib/gcc/arm-none-eabi/13.3.1/thumb/v7e-m+dp/hard\libgcc.a
LOAD C:/ST/STM32CubeIDE_1.11.0/STM32CubeIDE/plugins/com.st.stm32cube.ide.mcu.externaltools.gnu-tools-for-stm32.13.3.rel1.win32_1.0.0.202411081344/tools/bin/../lib/gcc/arm-none-eabi/13.3.1/../../../../arm-none-eabi/lib/thumb/v7e-m+dp/hard\libc_nano.a
LOAD C:/ST/STM32CubeIDE_1.11.0/STM32CubeIDE/plugins/com.st.stm32cube.ide.mcu.externaltools.gnu-tools-for-stm32.13.3.rel1.win32_1.0.0.202411081344/tools/bin/../lib/gcc/arm-none-eabi/13.3.1/../../../../arm-none-eabi/lib/thumb/v7e-m+dp/hard\libnosys.a
END GROUP
START GROUP
LOAD C:/ST/STM32CubeIDE_1.11.0/STM32CubeIDE/plugins/com.st.stm32cube.ide.mcu.externaltools.gnu-tools-for-stm32.13.3.rel1.win32_1.0.0.202411081344/tools/bin/../lib/gcc/arm-none-eabi/13.3.1/thumb/v7e-m+dp/hard\libgcc.a
LOAD C:/ST/STM32CubeIDE_1.11.0/STM32CubeIDE/plugins/com.st.stm32cube.ide.mcu.externaltools.gnu-tools-for-stm32.13.3.rel1.win32_1.0.0.202411081344/tools/bin/../lib/gcc/arm-none-eabi/13.3.1/../../../../arm-none-eabi/lib/thumb/v7e-m+dp/hard\libc_nano.a
LOAD C:/ST/STM32CubeIDE_1.11.0/STM32CubeIDE/plugins/com.st.stm32cube.ide.mcu.externaltools.gnu-tools-for-stm32.13.3.rel1.win32_1.0.0.202411081344/tools/bin/../lib/gcc/arm-none-eabi/13.3.1/../../../../arm-none-eabi/lib/thumb/v7e-m+dp/hard\libnosys.a
END GROUP
LOAD C:/ST/STM32CubeIDE_1.11.0/STM32CubeIDE/plugins/com.st.stm32cube.ide.mcu.externaltools.gnu-tools-for-stm32.13.3.rel1.win32_1.0.0.202411081344/tools/bin/../lib/gcc/arm-none-eabi/13.3.1/thumb/v7e-m+dp/hard/crtend.o
LOAD C:/ST/STM32CubeIDE_1.11.0/STM32CubeIDE/plugins/com.st.stm32cube.ide.mcu.externaltools.gnu-tools-for-stm32.13.3.rel1.win32_1.0.0.202411081344/tools/bin/../lib/gcc/arm-none-eabi/13.3.1/thumb/v7e-m+dp/hard/crtn.o
                0x24080000                        _estack = (ORIGIN (RAM_D1) + LENGTH (RAM_D1))
                0x00000200                        _Min_Heap_Size = 0x200
                0x00000400                        _Min_Stack_Size = 0x400

.isr_vector     0x08000000      0x298
                0x08000000                        . = ALIGN (0x4)
 *(.isr_vector)
 .isr_vector    0x08000000      0x298 ./Core/Startup/startup_stm32h743igkx.o
                0x08000000                g_pfnVectors
                0x08000298                        . = ALIGN (0x4)

.text           0x08000298     0x3aa8
                0x08000298                        . = ALIGN (0x4)
 *(.text)
 .text          0x08000298       0x40 C:/ST/STM32CubeIDE_1.11.0/STM32CubeIDE/plugins/com.st.stm32cube.ide.mcu.externaltools.gnu-tools-for-stm32.13.3.rel1.win32_1.0.0.202411081344/tools/bin/../lib/gcc/arm-none-eabi/13.3.1/thumb/v7e-m+dp/hard/crtbegin.o
 *(.text*)
 .text.StatusGet_ActualPosition
                0x080002d8       0x54 ./Core/Src/fpga_access.o
                0x080002d8                StatusGet_ActualPosition
 .text.main     0x0800032c       0xb8 ./Core/Src/main.o
                0x0800032c                main
 .text.SystemClock_Config
                0x080003e4       0xcc ./Core/Src/main.o
                0x080003e4                SystemClock_Config
 .text.MX_FMC_Init
                0x080004b0      0x168 ./Core/Src/main.o
 .text.MX_GPIO_Init
                0x08000618      0x1d0 ./Core/Src/main.o
 .text.MPU_Config
                0x080007e8       0x12 ./Core/Src/main.o
 .text.Error_Handler
                0x080007fa        0xc ./Core/Src/main.o
                0x080007fa                Error_Handler
 *fill*         0x08000806        0x2 
 .text.HAL_MspInit
                0x08000808       0x34 ./Core/Src/stm32h7xx_hal_msp.o
                0x08000808                HAL_MspInit
 .text.HAL_FMC_MspInit
                0x0800083c      0x174 ./Core/Src/stm32h7xx_hal_msp.o
 .text.HAL_SRAM_MspInit
                0x080009b0       0x14 ./Core/Src/stm32h7xx_hal_msp.o
                0x080009b0                HAL_SRAM_MspInit
 .text.NMI_Handler
                0x080009c4        0x8 ./Core/Src/stm32h7xx_it.o
                0x080009c4                NMI_Handler
 .text.HardFault_Handler
                0x080009cc        0xc ./Core/Src/stm32h7xx_it.o
                0x080009cc                HardFault_Handler
 .text.MemManage_Handler
                0x080009d8        0x8 ./Core/Src/stm32h7xx_it.o
                0x080009d8                MemManage_Handler
 .text.BusFault_Handler
                0x080009e0        0x8 ./Core/Src/stm32h7xx_it.o
                0x080009e0                BusFault_Handler
 .text.UsageFault_Handler
                0x080009e8        0x8 ./Core/Src/stm32h7xx_it.o
                0x080009e8                UsageFault_Handler
 .text.SVC_Handler
                0x080009f0        0xe ./Core/Src/stm32h7xx_it.o
                0x080009f0                SVC_Handler
 .text.DebugMon_Handler
                0x080009fe        0xe ./Core/Src/stm32h7xx_it.o
                0x080009fe                DebugMon_Handler
 .text.PendSV_Handler
                0x08000a0c        0xe ./Core/Src/stm32h7xx_it.o
                0x08000a0c                PendSV_Handler
 .text.SysTick_Handler
                0x08000a1a        0xc ./Core/Src/stm32h7xx_it.o
                0x08000a1a                SysTick_Handler
 *fill*         0x08000a26        0x2 
 .text.SystemInit
                0x08000a28      0x110 ./Core/Src/system_stm32h7xx.o
                0x08000a28                SystemInit
 .text.Reset_Handler
                0x08000b38       0x50 ./Core/Startup/startup_stm32h743igkx.o
                0x08000b38                Reset_Handler
 .text.Default_Handler
                0x08000b88        0x2 ./Core/Startup/startup_stm32h743igkx.o
                0x08000b88                RTC_Alarm_IRQHandler
                0x08000b88                EXTI2_IRQHandler
                0x08000b88                TIM8_CC_IRQHandler
                0x08000b88                HRTIM1_Master_IRQHandler
                0x08000b88                UART8_IRQHandler
                0x08000b88                SPI4_IRQHandler
                0x08000b88                TIM1_CC_IRQHandler
                0x08000b88                BDMA_Channel6_IRQHandler
                0x08000b88                DMA2_Stream5_IRQHandler
                0x08000b88                HRTIM1_FLT_IRQHandler
                0x08000b88                JPEG_IRQHandler
                0x08000b88                DMA1_Stream5_IRQHandler
                0x08000b88                BDMA_Channel1_IRQHandler
                0x08000b88                HRTIM1_TIMD_IRQHandler
                0x08000b88                TAMP_STAMP_IRQHandler
                0x08000b88                EXTI3_IRQHandler
                0x08000b88                LPTIM4_IRQHandler
                0x08000b88                TIM8_TRG_COM_TIM14_IRQHandler
                0x08000b88                LPTIM2_IRQHandler
                0x08000b88                DFSDM1_FLT1_IRQHandler
                0x08000b88                DMAMUX2_OVR_IRQHandler
                0x08000b88                TIM8_UP_TIM13_IRQHandler
                0x08000b88                I2C3_ER_IRQHandler
                0x08000b88                DFSDM1_FLT2_IRQHandler
                0x08000b88                MDMA_IRQHandler
                0x08000b88                LPTIM3_IRQHandler
                0x08000b88                HSEM1_IRQHandler
                0x08000b88                EXTI0_IRQHandler
                0x08000b88                I2C2_EV_IRQHandler
                0x08000b88                DMA1_Stream2_IRQHandler
                0x08000b88                FPU_IRQHandler
                0x08000b88                OTG_HS_WKUP_IRQHandler
                0x08000b88                FDCAN1_IT1_IRQHandler
                0x08000b88                LTDC_ER_IRQHandler
                0x08000b88                DMA2_Stream2_IRQHandler
                0x08000b88                HRTIM1_TIME_IRQHandler
                0x08000b88                SPI1_IRQHandler
                0x08000b88                TIM6_DAC_IRQHandler
                0x08000b88                DCMI_IRQHandler
                0x08000b88                HRTIM1_TIMC_IRQHandler
                0x08000b88                DMA2_Stream3_IRQHandler
                0x08000b88                SAI2_IRQHandler
                0x08000b88                DFSDM1_FLT3_IRQHandler
                0x08000b88                USART6_IRQHandler
                0x08000b88                TIM17_IRQHandler
                0x08000b88                USART3_IRQHandler
                0x08000b88                BDMA_Channel7_IRQHandler
                0x08000b88                LPTIM5_IRQHandler
                0x08000b88                UART5_IRQHandler
                0x08000b88                ADC3_IRQHandler
                0x08000b88                DMA2_Stream0_IRQHandler
                0x08000b88                TIM4_IRQHandler
                0x08000b88                BDMA_Channel2_IRQHandler
                0x08000b88                QUADSPI_IRQHandler
                0x08000b88                I2C1_EV_IRQHandler
                0x08000b88                DMA1_Stream6_IRQHandler
                0x08000b88                DMAMUX1_OVR_IRQHandler
                0x08000b88                DMA1_Stream1_IRQHandler
                0x08000b88                TIM16_IRQHandler
                0x08000b88                UART4_IRQHandler
                0x08000b88                BDMA_Channel5_IRQHandler
                0x08000b88                TIM3_IRQHandler
                0x08000b88                RCC_IRQHandler
                0x08000b88                TIM8_BRK_TIM12_IRQHandler
                0x08000b88                TIM1_TRG_COM_IRQHandler
                0x08000b88                Default_Handler
                0x08000b88                ECC_IRQHandler
                0x08000b88                CEC_IRQHandler
                0x08000b88                EXTI15_10_IRQHandler
                0x08000b88                BDMA_Channel0_IRQHandler
                0x08000b88                ADC_IRQHandler
                0x08000b88                DMA1_Stream7_IRQHandler
                0x08000b88                HRTIM1_TIMA_IRQHandler
                0x08000b88                SPI5_IRQHandler
                0x08000b88                TIM7_IRQHandler
                0x08000b88                SDMMC1_IRQHandler
                0x08000b88                TIM5_IRQHandler
                0x08000b88                DMA2_Stream7_IRQHandler
                0x08000b88                TIM15_IRQHandler
                0x08000b88                PVD_AVD_IRQHandler
                0x08000b88                I2C3_EV_IRQHandler
                0x08000b88                EXTI9_5_IRQHandler
                0x08000b88                RTC_WKUP_IRQHandler
                0x08000b88                LTDC_IRQHandler
                0x08000b88                SAI3_IRQHandler
                0x08000b88                ETH_WKUP_IRQHandler
                0x08000b88                SPDIF_RX_IRQHandler
                0x08000b88                SPI2_IRQHandler
                0x08000b88                OTG_HS_EP1_IN_IRQHandler
                0x08000b88                DMA1_Stream0_IRQHandler
                0x08000b88                CRS_IRQHandler
                0x08000b88                EXTI4_IRQHandler
                0x08000b88                RNG_IRQHandler
                0x08000b88                HRTIM1_TIMB_IRQHandler
                0x08000b88                FDCAN2_IT1_IRQHandler
                0x08000b88                ETH_IRQHandler
                0x08000b88                TIM1_UP_IRQHandler
                0x08000b88                BDMA_Channel4_IRQHandler
                0x08000b88                OTG_HS_EP1_OUT_IRQHandler
                0x08000b88                WWDG_IRQHandler
                0x08000b88                SPI6_IRQHandler
                0x08000b88                MDIOS_IRQHandler
                0x08000b88                I2C4_EV_IRQHandler
                0x08000b88                FDCAN2_IT0_IRQHandler
                0x08000b88                LPUART1_IRQHandler
                0x08000b88                FDCAN1_IT0_IRQHandler
                0x08000b88                TIM2_IRQHandler
                0x08000b88                OTG_FS_WKUP_IRQHandler
                0x08000b88                OTG_HS_IRQHandler
                0x08000b88                DMA2D_IRQHandler
                0x08000b88                TIM1_BRK_IRQHandler
                0x08000b88                EXTI1_IRQHandler
                0x08000b88                SDMMC2_IRQHandler
                0x08000b88                OTG_FS_EP1_OUT_IRQHandler
                0x08000b88                BDMA_Channel3_IRQHandler
                0x08000b88                UART7_IRQHandler
                0x08000b88                MDIOS_WKUP_IRQHandler
                0x08000b88                USART2_IRQHandler
                0x08000b88                DFSDM1_FLT0_IRQHandler
                0x08000b88                SAI4_IRQHandler
                0x08000b88                I2C2_ER_IRQHandler
                0x08000b88                DMA2_Stream1_IRQHandler
                0x08000b88                FLASH_IRQHandler
                0x08000b88                DMA2_Stream4_IRQHandler
                0x08000b88                USART1_IRQHandler
                0x08000b88                OTG_FS_IRQHandler
                0x08000b88                SPI3_IRQHandler
                0x08000b88                WAKEUP_PIN_IRQHandler
                0x08000b88                DMA1_Stream4_IRQHandler
                0x08000b88                OTG_FS_EP1_IN_IRQHandler
                0x08000b88                I2C1_ER_IRQHandler
                0x08000b88                FMC_IRQHandler
                0x08000b88                FDCAN_CAL_IRQHandler
                0x08000b88                SWPMI1_IRQHandler
                0x08000b88                COMP1_IRQHandler
                0x08000b88                LPTIM1_IRQHandler
                0x08000b88                I2C4_ER_IRQHandler
                0x08000b88                DMA2_Stream6_IRQHandler
                0x08000b88                SAI1_IRQHandler
                0x08000b88                DMA1_Stream3_IRQHandler
 *fill*         0x08000b8a        0x2 
 .text.HAL_Init
                0x08000b8c       0x78 ./Drivers/STM32H7xx_HAL_Driver/Src/stm32h7xx_hal.o
                0x08000b8c                HAL_Init
 .text.HAL_InitTick
                0x08000c04       0x6c ./Drivers/STM32H7xx_HAL_Driver/Src/stm32h7xx_hal.o
                0x08000c04                HAL_InitTick
 .text.HAL_IncTick
                0x08000c70       0x28 ./Drivers/STM32H7xx_HAL_Driver/Src/stm32h7xx_hal.o
                0x08000c70                HAL_IncTick
 .text.HAL_GetTick
                0x08000c98       0x18 ./Drivers/STM32H7xx_HAL_Driver/Src/stm32h7xx_hal.o
                0x08000c98                HAL_GetTick
 .text.HAL_GetREVID
                0x08000cb0       0x18 ./Drivers/STM32H7xx_HAL_Driver/Src/stm32h7xx_hal.o
                0x08000cb0                HAL_GetREVID
 .text.__NVIC_SetPriorityGrouping
                0x08000cc8       0x48 ./Drivers/STM32H7xx_HAL_Driver/Src/stm32h7xx_hal_cortex.o
 .text.__NVIC_GetPriorityGrouping
                0x08000d10       0x1c ./Drivers/STM32H7xx_HAL_Driver/Src/stm32h7xx_hal_cortex.o
 .text.__NVIC_SetPriority
                0x08000d2c       0x54 ./Drivers/STM32H7xx_HAL_Driver/Src/stm32h7xx_hal_cortex.o
 .text.NVIC_EncodePriority
                0x08000d80       0x66 ./Drivers/STM32H7xx_HAL_Driver/Src/stm32h7xx_hal_cortex.o
 *fill*         0x08000de6        0x2 
 .text.SysTick_Config
                0x08000de8       0x44 ./Drivers/STM32H7xx_HAL_Driver/Src/stm32h7xx_hal_cortex.o
 .text.HAL_NVIC_SetPriorityGrouping
                0x08000e2c       0x16 ./Drivers/STM32H7xx_HAL_Driver/Src/stm32h7xx_hal_cortex.o
                0x08000e2c                HAL_NVIC_SetPriorityGrouping
 .text.HAL_NVIC_SetPriority
                0x08000e42       0x34 ./Drivers/STM32H7xx_HAL_Driver/Src/stm32h7xx_hal_cortex.o
                0x08000e42                HAL_NVIC_SetPriority
 .text.HAL_SYSTICK_Config
                0x08000e76       0x18 ./Drivers/STM32H7xx_HAL_Driver/Src/stm32h7xx_hal_cortex.o
                0x08000e76                HAL_SYSTICK_Config
 *fill*         0x08000e8e        0x2 
 .text.HAL_MPU_Disable
                0x08000e90       0x30 ./Drivers/STM32H7xx_HAL_Driver/Src/stm32h7xx_hal_cortex.o
                0x08000e90                HAL_MPU_Disable
 .text.HAL_MPU_Enable
                0x08000ec0       0x40 ./Drivers/STM32H7xx_HAL_Driver/Src/stm32h7xx_hal_cortex.o
                0x08000ec0                HAL_MPU_Enable
 .text.HAL_GPIO_Init
                0x08000f00      0x360 ./Drivers/STM32H7xx_HAL_Driver/Src/stm32h7xx_hal_gpio.o
                0x08000f00                HAL_GPIO_Init
 .text.HAL_GPIO_WritePin
                0x08001260       0x32 ./Drivers/STM32H7xx_HAL_Driver/Src/stm32h7xx_hal_gpio.o
                0x08001260                HAL_GPIO_WritePin
 .text.HAL_GPIO_TogglePin
                0x08001292       0x34 ./Drivers/STM32H7xx_HAL_Driver/Src/stm32h7xx_hal_gpio.o
                0x08001292                HAL_GPIO_TogglePin
 *fill*         0x080012c6        0x2 
 .text.HAL_PWREx_ConfigSupply
                0x080012c8       0x74 ./Drivers/STM32H7xx_HAL_Driver/Src/stm32h7xx_hal_pwr_ex.o
                0x080012c8                HAL_PWREx_ConfigSupply
 .text.HAL_RCC_OscConfig
                0x0800133c      0x8b4 ./Drivers/STM32H7xx_HAL_Driver/Src/stm32h7xx_hal_rcc.o
                0x0800133c                HAL_RCC_OscConfig
 .text.HAL_RCC_ClockConfig
                0x08001bf0      0x36c ./Drivers/STM32H7xx_HAL_Driver/Src/stm32h7xx_hal_rcc.o
                0x08001bf0                HAL_RCC_ClockConfig
 .text.HAL_RCC_MCOConfig
                0x08001f5c       0xd4 ./Drivers/STM32H7xx_HAL_Driver/Src/stm32h7xx_hal_rcc.o
                0x08001f5c                HAL_RCC_MCOConfig
 .text.HAL_RCC_GetSysClockFreq
                0x08002030      0x2f4 ./Drivers/STM32H7xx_HAL_Driver/Src/stm32h7xx_hal_rcc.o
                0x08002030                HAL_RCC_GetSysClockFreq
 .text.HAL_RCCEx_PeriphCLKConfig
                0x08002324     0x1414 ./Drivers/STM32H7xx_HAL_Driver/Src/stm32h7xx_hal_rcc_ex.o
                0x08002324                HAL_RCCEx_PeriphCLKConfig
 .text.RCCEx_PLL2_Config
                0x08003738      0x164 ./Drivers/STM32H7xx_HAL_Driver/Src/stm32h7xx_hal_rcc_ex.o
 .text.RCCEx_PLL3_Config
                0x0800389c      0x164 ./Drivers/STM32H7xx_HAL_Driver/Src/stm32h7xx_hal_rcc_ex.o
 .text.HAL_SRAM_Init
                0x08003a00       0xa0 ./Drivers/STM32H7xx_HAL_Driver/Src/stm32h7xx_hal_sram.o
                0x08003a00                HAL_SRAM_Init
 .text.FMC_NORSRAM_Init
                0x08003aa0      0x120 ./Drivers/STM32H7xx_HAL_Driver/Src/stm32h7xx_ll_fmc.o
                0x08003aa0                FMC_NORSRAM_Init
 .text.FMC_NORSRAM_Timing_Init
                0x08003bc0       0xa0 ./Drivers/STM32H7xx_HAL_Driver/Src/stm32h7xx_ll_fmc.o
                0x08003bc0                FMC_NORSRAM_Timing_Init
 .text.FMC_NORSRAM_Extended_Timing_Init
                0x08003c60       0x70 ./Drivers/STM32H7xx_HAL_Driver/Src/stm32h7xx_ll_fmc.o
                0x08003c60                FMC_NORSRAM_Extended_Timing_Init
 .text.memset   0x08003cd0       0x10 C:/ST/STM32CubeIDE_1.11.0/STM32CubeIDE/plugins/com.st.stm32cube.ide.mcu.externaltools.gnu-tools-for-stm32.13.3.rel1.win32_1.0.0.202411081344/tools/bin/../lib/gcc/arm-none-eabi/13.3.1/../../../../arm-none-eabi/lib/thumb/v7e-m+dp/hard\libc_nano.a(libc_a-memset.o)
                0x08003cd0                memset
 .text.__libc_init_array
                0x08003ce0       0x48 C:/ST/STM32CubeIDE_1.11.0/STM32CubeIDE/plugins/com.st.stm32cube.ide.mcu.externaltools.gnu-tools-for-stm32.13.3.rel1.win32_1.0.0.202411081344/tools/bin/../lib/gcc/arm-none-eabi/13.3.1/../../../../arm-none-eabi/lib/thumb/v7e-m+dp/hard\libc_nano.a(libc_a-init.o)
                0x08003ce0                __libc_init_array
 *(.glue_7)
 .glue_7        0x08003d28        0x0 linker stubs
 *(.glue_7t)
 .glue_7t       0x08003d28        0x0 linker stubs
 *(.eh_frame)
 .eh_frame      0x08003d28        0x0 C:/ST/STM32CubeIDE_1.11.0/STM32CubeIDE/plugins/com.st.stm32cube.ide.mcu.externaltools.gnu-tools-for-stm32.13.3.rel1.win32_1.0.0.202411081344/tools/bin/../lib/gcc/arm-none-eabi/13.3.1/thumb/v7e-m+dp/hard/crtbegin.o
 *(.init)
 .init          0x08003d28        0x4 C:/ST/STM32CubeIDE_1.11.0/STM32CubeIDE/plugins/com.st.stm32cube.ide.mcu.externaltools.gnu-tools-for-stm32.13.3.rel1.win32_1.0.0.202411081344/tools/bin/../lib/gcc/arm-none-eabi/13.3.1/thumb/v7e-m+dp/hard/crti.o
                0x08003d28                _init
 .init          0x08003d2c        0x8 C:/ST/STM32CubeIDE_1.11.0/STM32CubeIDE/plugins/com.st.stm32cube.ide.mcu.externaltools.gnu-tools-for-stm32.13.3.rel1.win32_1.0.0.202411081344/tools/bin/../lib/gcc/arm-none-eabi/13.3.1/thumb/v7e-m+dp/hard/crtn.o
 *(.fini)
 .fini          0x08003d34        0x4 C:/ST/STM32CubeIDE_1.11.0/STM32CubeIDE/plugins/com.st.stm32cube.ide.mcu.externaltools.gnu-tools-for-stm32.13.3.rel1.win32_1.0.0.202411081344/tools/bin/../lib/gcc/arm-none-eabi/13.3.1/thumb/v7e-m+dp/hard/crti.o
                0x08003d34                _fini
 .fini          0x08003d38        0x8 C:/ST/STM32CubeIDE_1.11.0/STM32CubeIDE/plugins/com.st.stm32cube.ide.mcu.externaltools.gnu-tools-for-stm32.13.3.rel1.win32_1.0.0.202411081344/tools/bin/../lib/gcc/arm-none-eabi/13.3.1/thumb/v7e-m+dp/hard/crtn.o
                0x08003d40                        . = ALIGN (0x4)
                0x08003d40                        _etext = .

.vfp11_veneer   0x08003d40        0x0
 .vfp11_veneer  0x08003d40        0x0 linker stubs

.v4_bx          0x08003d40        0x0
 .v4_bx         0x08003d40        0x0 linker stubs

.iplt           0x08003d40        0x0
 .iplt          0x08003d40        0x0 C:/ST/STM32CubeIDE_1.11.0/STM32CubeIDE/plugins/com.st.stm32cube.ide.mcu.externaltools.gnu-tools-for-stm32.13.3.rel1.win32_1.0.0.202411081344/tools/bin/../lib/gcc/arm-none-eabi/13.3.1/thumb/v7e-m+dp/hard/crtbegin.o

.rodata         0x08003d40       0x10
                0x08003d40                        . = ALIGN (0x4)
 *(.rodata)
 *(.rodata*)
 .rodata.D1CorePrescTable
                0x08003d40       0x10 ./Core/Src/system_stm32h7xx.o
                0x08003d40                D1CorePrescTable
                0x08003d50                        . = ALIGN (0x4)

.rel.dyn        0x08003d50        0x0
 .rel.iplt      0x08003d50        0x0 C:/ST/STM32CubeIDE_1.11.0/STM32CubeIDE/plugins/com.st.stm32cube.ide.mcu.externaltools.gnu-tools-for-stm32.13.3.rel1.win32_1.0.0.202411081344/tools/bin/../lib/gcc/arm-none-eabi/13.3.1/thumb/v7e-m+dp/hard/crtbegin.o

.ARM.extab
 *(.ARM.extab* .gnu.linkonce.armextab.*)

.ARM            0x08003d50        0x0
                0x08003d50                        __exidx_start = .
 *(.ARM.exidx*)
                0x08003d50                        __exidx_end = .

.preinit_array  0x08003d50        0x0
                0x08003d50                        PROVIDE (__preinit_array_start = .)
 *(.preinit_array*)
                0x08003d50                        PROVIDE (__preinit_array_end = .)

.init_array     0x08003d50        0x4
                0x08003d50                        PROVIDE (__init_array_start = .)
 *(SORT_BY_NAME(.init_array.*))
 *(.init_array*)
 .init_array    0x08003d50        0x4 C:/ST/STM32CubeIDE_1.11.0/STM32CubeIDE/plugins/com.st.stm32cube.ide.mcu.externaltools.gnu-tools-for-stm32.13.3.rel1.win32_1.0.0.202411081344/tools/bin/../lib/gcc/arm-none-eabi/13.3.1/thumb/v7e-m+dp/hard/crtbegin.o
                0x08003d54                        PROVIDE (__init_array_end = .)

.fini_array     0x08003d54        0x4
                [!provide]                        PROVIDE (__fini_array_start = .)
 *(SORT_BY_NAME(.fini_array.*))
 *(.fini_array*)
 .fini_array    0x08003d54        0x4 C:/ST/STM32CubeIDE_1.11.0/STM32CubeIDE/plugins/com.st.stm32cube.ide.mcu.externaltools.gnu-tools-for-stm32.13.3.rel1.win32_1.0.0.202411081344/tools/bin/../lib/gcc/arm-none-eabi/13.3.1/thumb/v7e-m+dp/hard/crtbegin.o
                [!provide]                        PROVIDE (__fini_array_end = .)
                0x08003d58                        _sidata = LOADADDR (.data)

.data           0x24000000       0x10 load address 0x08003d58
                0x24000000                        . = ALIGN (0x4)
                0x24000000                        _sdata = .
 *(.data)
 *(.data*)
 .data.SystemCoreClock
                0x24000000        0x4 ./Core/Src/system_stm32h7xx.o
                0x24000000                SystemCoreClock
 .data.SystemD2Clock
                0x24000004        0x4 ./Core/Src/system_stm32h7xx.o
                0x24000004                SystemD2Clock
 .data.uwTickPrio
                0x24000008        0x4 ./Drivers/STM32H7xx_HAL_Driver/Src/stm32h7xx_hal.o
                0x24000008                uwTickPrio
 .data.uwTickFreq
                0x2400000c        0x1 ./Drivers/STM32H7xx_HAL_Driver/Src/stm32h7xx_hal.o
                0x2400000c                uwTickFreq
 *(.RamFunc)
 *(.RamFunc*)
                0x24000010                        . = ALIGN (0x4)
 *fill*         0x2400000d        0x3 
                0x24000010                        _edata = .

.igot.plt       0x24000010        0x0 load address 0x08003d68
 .igot.plt      0x24000010        0x0 C:/ST/STM32CubeIDE_1.11.0/STM32CubeIDE/plugins/com.st.stm32cube.ide.mcu.externaltools.gnu-tools-for-stm32.13.3.rel1.win32_1.0.0.202411081344/tools/bin/../lib/gcc/arm-none-eabi/13.3.1/thumb/v7e-m+dp/hard/crtbegin.o
                0x24000010                        . = ALIGN (0x4)

.bss            0x24000010       0xc0 load address 0x08003d68
                0x24000010                        _sbss = .
                0x24000010                        __bss_start__ = _sbss
 *(.bss)
 .bss           0x24000010       0x1c C:/ST/STM32CubeIDE_1.11.0/STM32CubeIDE/plugins/com.st.stm32cube.ide.mcu.externaltools.gnu-tools-for-stm32.13.3.rel1.win32_1.0.0.202411081344/tools/bin/../lib/gcc/arm-none-eabi/13.3.1/thumb/v7e-m+dp/hard/crtbegin.o
 *(.bss*)
 .bss.hsram1    0x2400002c       0x4c ./Core/Src/main.o
                0x2400002c                hsram1
 .bss.hsram3    0x24000078       0x4c ./Core/Src/main.o
                0x24000078                hsram3
 .bss.gActPosition
                0x240000c4        0x4 ./Core/Src/main.o
                0x240000c4                gActPosition
 .bss.FMC_Initialized
                0x240000c8        0x4 ./Core/Src/stm32h7xx_hal_msp.o
 .bss.uwTick    0x240000cc        0x4 ./Drivers/STM32H7xx_HAL_Driver/Src/stm32h7xx_hal.o
                0x240000cc                uwTick
 *(COMMON)
                0x240000d0                        . = ALIGN (0x4)
                0x240000d0                        _ebss = .
                0x240000d0                        __bss_end__ = _ebss

._user_heap_stack
                0x240000d0      0x600 load address 0x08003d68
                0x240000d0                        . = ALIGN (0x8)
                [!provide]                        PROVIDE (end = .)
                0x240000d0                        PROVIDE (_end = .)
                0x240002d0                        . = (. + _Min_Heap_Size)
 *fill*         0x240000d0      0x200 
                0x240006d0                        . = (. + _Min_Stack_Size)
 *fill*         0x240002d0      0x400 
                0x240006d0                        . = ALIGN (0x8)

/DISCARD/
 libc.a(*)
 libm.a(*)
 libgcc.a(*)

.ARM.attributes
                0x00000000       0x2e
 *(.ARM.attributes)
 .ARM.attributes
                0x00000000       0x20 C:/ST/STM32CubeIDE_1.11.0/STM32CubeIDE/plugins/com.st.stm32cube.ide.mcu.externaltools.gnu-tools-for-stm32.13.3.rel1.win32_1.0.0.202411081344/tools/bin/../lib/gcc/arm-none-eabi/13.3.1/thumb/v7e-m+dp/hard/crti.o
 .ARM.attributes
                0x00000020       0x32 C:/ST/STM32CubeIDE_1.11.0/STM32CubeIDE/plugins/com.st.stm32cube.ide.mcu.externaltools.gnu-tools-for-stm32.13.3.rel1.win32_1.0.0.202411081344/tools/bin/../lib/gcc/arm-none-eabi/13.3.1/thumb/v7e-m+dp/hard/crtbegin.o
 .ARM.attributes
                0x00000052       0x32 ./Core/Src/fpga_access.o
 .ARM.attributes
                0x00000084       0x32 ./Core/Src/main.o
 .ARM.attributes
                0x000000b6       0x32 ./Core/Src/stm32h7xx_hal_msp.o
 .ARM.attributes
                0x000000e8       0x32 ./Core/Src/stm32h7xx_it.o
 .ARM.attributes
                0x0000011a       0x32 ./Core/Src/system_stm32h7xx.o
 .ARM.attributes
                0x0000014c       0x21 ./Core/Startup/startup_stm32h743igkx.o
 .ARM.attributes
                0x0000016d       0x32 ./Drivers/STM32H7xx_HAL_Driver/Src/stm32h7xx_hal.o
 .ARM.attributes
                0x0000019f       0x32 ./Drivers/STM32H7xx_HAL_Driver/Src/stm32h7xx_hal_cortex.o
 .ARM.attributes
                0x000001d1       0x32 ./Drivers/STM32H7xx_HAL_Driver/Src/stm32h7xx_hal_gpio.o
 .ARM.attributes
                0x00000203       0x32 ./Drivers/STM32H7xx_HAL_Driver/Src/stm32h7xx_hal_pwr_ex.o
 .ARM.attributes
                0x00000235       0x32 ./Drivers/STM32H7xx_HAL_Driver/Src/stm32h7xx_hal_rcc.o
 .ARM.attributes
                0x00000267       0x32 ./Drivers/STM32H7xx_HAL_Driver/Src/stm32h7xx_hal_rcc_ex.o
 .ARM.attributes
                0x00000299       0x32 ./Drivers/STM32H7xx_HAL_Driver/Src/stm32h7xx_hal_sram.o
 .ARM.attributes
                0x000002cb       0x32 ./Drivers/STM32H7xx_HAL_Driver/Src/stm32h7xx_ll_fmc.o
 .ARM.attributes
                0x000002fd       0x32 C:/ST/STM32CubeIDE_1.11.0/STM32CubeIDE/plugins/com.st.stm32cube.ide.mcu.externaltools.gnu-tools-for-stm32.13.3.rel1.win32_1.0.0.202411081344/tools/bin/../lib/gcc/arm-none-eabi/13.3.1/../../../../arm-none-eabi/lib/thumb/v7e-m+dp/hard\libc_nano.a(libc_a-memset.o)
 .ARM.attributes
                0x0000032f       0x32 C:/ST/STM32CubeIDE_1.11.0/STM32CubeIDE/plugins/com.st.stm32cube.ide.mcu.externaltools.gnu-tools-for-stm32.13.3.rel1.win32_1.0.0.202411081344/tools/bin/../lib/gcc/arm-none-eabi/13.3.1/../../../../arm-none-eabi/lib/thumb/v7e-m+dp/hard\libc_nano.a(libc_a-init.o)
 .ARM.attributes
                0x00000361       0x20 C:/ST/STM32CubeIDE_1.11.0/STM32CubeIDE/plugins/com.st.stm32cube.ide.mcu.externaltools.gnu-tools-for-stm32.13.3.rel1.win32_1.0.0.202411081344/tools/bin/../lib/gcc/arm-none-eabi/13.3.1/thumb/v7e-m+dp/hard/crtn.o
OUTPUT(DT_DRV_CT_Rev_A1.elf elf32-littlearm)
LOAD linker stubs
LOAD C:/ST/STM32CubeIDE_1.11.0/STM32CubeIDE/plugins/com.st.stm32cube.ide.mcu.externaltools.gnu-tools-for-stm32.13.3.rel1.win32_1.0.0.202411081344/tools/bin/../lib/gcc/arm-none-eabi/13.3.1/../../../../arm-none-eabi/lib/thumb/v7e-m+dp/hard\libc.a
LOAD C:/ST/STM32CubeIDE_1.11.0/STM32CubeIDE/plugins/com.st.stm32cube.ide.mcu.externaltools.gnu-tools-for-stm32.13.3.rel1.win32_1.0.0.202411081344/tools/bin/../lib/gcc/arm-none-eabi/13.3.1/../../../../arm-none-eabi/lib/thumb/v7e-m+dp/hard\libm.a
LOAD C:/ST/STM32CubeIDE_1.11.0/STM32CubeIDE/plugins/com.st.stm32cube.ide.mcu.externaltools.gnu-tools-for-stm32.13.3.rel1.win32_1.0.0.202411081344/tools/bin/../lib/gcc/arm-none-eabi/13.3.1/thumb/v7e-m+dp/hard\libgcc.a

.debug_info     0x00000000     0xafc0
 .debug_info    0x00000000      0x277 ./Core/Src/fpga_access.o
 .debug_info    0x00000277     0x1244 ./Core/Src/main.o
 .debug_info    0x000014bb      0xfa7 ./Core/Src/stm32h7xx_hal_msp.o
 .debug_info    0x00002462      0x148 ./Core/Src/stm32h7xx_it.o
 .debug_info    0x000025aa      0xcef ./Core/Src/system_stm32h7xx.o
 .debug_info    0x00003299       0x30 ./Core/Startup/startup_stm32h743igkx.o
 .debug_info    0x000032c9     0x153b ./Drivers/STM32H7xx_HAL_Driver/Src/stm32h7xx_hal.o
 .debug_info    0x00004804     0x10ac ./Drivers/STM32H7xx_HAL_Driver/Src/stm32h7xx_hal_cortex.o
 .debug_info    0x000058b0      0xc4b ./Drivers/STM32H7xx_HAL_Driver/Src/stm32h7xx_hal_gpio.o
 .debug_info    0x000064fb     0x1008 ./Drivers/STM32H7xx_HAL_Driver/Src/stm32h7xx_hal_pwr_ex.o
 .debug_info    0x00007503      0xe5b ./Drivers/STM32H7xx_HAL_Driver/Src/stm32h7xx_hal_rcc.o
 .debug_info    0x0000835e     0x1216 ./Drivers/STM32H7xx_HAL_Driver/Src/stm32h7xx_hal_rcc_ex.o
 .debug_info    0x00009574      0xe99 ./Drivers/STM32H7xx_HAL_Driver/Src/stm32h7xx_hal_sram.o
 .debug_info    0x0000a40d      0xbb3 ./Drivers/STM32H7xx_HAL_Driver/Src/stm32h7xx_ll_fmc.o

.debug_abbrev   0x00000000     0x1b8f
 .debug_abbrev  0x00000000      0x104 ./Core/Src/fpga_access.o
 .debug_abbrev  0x00000104      0x2c7 ./Core/Src/main.o
 .debug_abbrev  0x000003cb      0x24b ./Core/Src/stm32h7xx_hal_msp.o
 .debug_abbrev  0x00000616       0xb0 ./Core/Src/stm32h7xx_it.o
 .debug_abbrev  0x000006c6      0x14c ./Core/Src/system_stm32h7xx.o
 .debug_abbrev  0x00000812       0x24 ./Core/Startup/startup_stm32h743igkx.o
 .debug_abbrev  0x00000836      0x295 ./Drivers/STM32H7xx_HAL_Driver/Src/stm32h7xx_hal.o
 .debug_abbrev  0x00000acb      0x339 ./Drivers/STM32H7xx_HAL_Driver/Src/stm32h7xx_hal_cortex.o
 .debug_abbrev  0x00000e04      0x1fe ./Drivers/STM32H7xx_HAL_Driver/Src/stm32h7xx_hal_gpio.o
 .debug_abbrev  0x00001002      0x2a7 ./Drivers/STM32H7xx_HAL_Driver/Src/stm32h7xx_hal_pwr_ex.o
 .debug_abbrev  0x000012a9      0x2c8 ./Drivers/STM32H7xx_HAL_Driver/Src/stm32h7xx_hal_rcc.o
 .debug_abbrev  0x00001571      0x269 ./Drivers/STM32H7xx_HAL_Driver/Src/stm32h7xx_hal_rcc_ex.o
 .debug_abbrev  0x000017da      0x209 ./Drivers/STM32H7xx_HAL_Driver/Src/stm32h7xx_hal_sram.o
 .debug_abbrev  0x000019e3      0x1ac ./Drivers/STM32H7xx_HAL_Driver/Src/stm32h7xx_ll_fmc.o

.debug_aranges  0x00000000      0x8e8
 .debug_aranges
                0x00000000       0x38 ./Core/Src/fpga_access.o
 .debug_aranges
                0x00000038       0x48 ./Core/Src/main.o
 .debug_aranges
                0x00000080       0x40 ./Core/Src/stm32h7xx_hal_msp.o
 .debug_aranges
                0x000000c0       0x60 ./Core/Src/stm32h7xx_it.o
 .debug_aranges
                0x00000120       0x28 ./Core/Src/system_stm32h7xx.o
 .debug_aranges
                0x00000148       0x28 ./Core/Startup/startup_stm32h743igkx.o
 .debug_aranges
                0x00000170      0x198 ./Drivers/STM32H7xx_HAL_Driver/Src/stm32h7xx_hal.o
 .debug_aranges
                0x00000308      0x130 ./Drivers/STM32H7xx_HAL_Driver/Src/stm32h7xx_hal_cortex.o
 .debug_aranges
                0x00000438       0x58 ./Drivers/STM32H7xx_HAL_Driver/Src/stm32h7xx_hal_gpio.o
 .debug_aranges
                0x00000490      0x158 ./Drivers/STM32H7xx_HAL_Driver/Src/stm32h7xx_hal_pwr_ex.o
 .debug_aranges
                0x000005e8       0x88 ./Drivers/STM32H7xx_HAL_Driver/Src/stm32h7xx_hal_rcc.o
 .debug_aranges
                0x00000670       0xf8 ./Drivers/STM32H7xx_HAL_Driver/Src/stm32h7xx_hal_rcc_ex.o
 .debug_aranges
                0x00000768       0xb8 ./Drivers/STM32H7xx_HAL_Driver/Src/stm32h7xx_hal_sram.o
 .debug_aranges
                0x00000820       0xc8 ./Drivers/STM32H7xx_HAL_Driver/Src/stm32h7xx_ll_fmc.o

.debug_rnglists
                0x00000000      0x69c
 .debug_rnglists
                0x00000000       0x26 ./Core/Src/fpga_access.o
 .debug_rnglists
                0x00000026       0x35 ./Core/Src/main.o
 .debug_rnglists
                0x0000005b       0x2c ./Core/Src/stm32h7xx_hal_msp.o
 .debug_rnglists
                0x00000087       0x43 ./Core/Src/stm32h7xx_it.o
 .debug_rnglists
                0x000000ca       0x1b ./Core/Src/system_stm32h7xx.o
 .debug_rnglists
                0x000000e5       0x19 ./Core/Startup/startup_stm32h743igkx.o
 .debug_rnglists
                0x000000fe      0x131 ./Drivers/STM32H7xx_HAL_Driver/Src/stm32h7xx_hal.o
 .debug_rnglists
                0x0000022f       0xe0 ./Drivers/STM32H7xx_HAL_Driver/Src/stm32h7xx_hal_cortex.o
 .debug_rnglists
                0x0000030f       0x3f ./Drivers/STM32H7xx_HAL_Driver/Src/stm32h7xx_hal_gpio.o
 .debug_rnglists
                0x0000034e      0x103 ./Drivers/STM32H7xx_HAL_Driver/Src/stm32h7xx_hal_pwr_ex.o
 .debug_rnglists
                0x00000451       0x68 ./Drivers/STM32H7xx_HAL_Driver/Src/stm32h7xx_hal_rcc.o
 .debug_rnglists
                0x000004b9       0xc0 ./Drivers/STM32H7xx_HAL_Driver/Src/stm32h7xx_hal_rcc_ex.o
 .debug_rnglists
                0x00000579       0x8e ./Drivers/STM32H7xx_HAL_Driver/Src/stm32h7xx_hal_sram.o
 .debug_rnglists
                0x00000607       0x95 ./Drivers/STM32H7xx_HAL_Driver/Src/stm32h7xx_ll_fmc.o

.debug_macro    0x00000000    0x35802
 .debug_macro   0x00000000      0x2a2 ./Core/Src/fpga_access.o
 .debug_macro   0x000002a2      0xaf0 ./Core/Src/fpga_access.o
 .debug_macro   0x00000d92      0x232 ./Core/Src/fpga_access.o
 .debug_macro   0x00000fc4       0x2e ./Core/Src/fpga_access.o
 .debug_macro   0x00000ff2       0x3b ./Core/Src/fpga_access.o
 .debug_macro   0x0000102d       0x22 ./Core/Src/fpga_access.o
 .debug_macro   0x0000104f       0x8e ./Core/Src/fpga_access.o
 .debug_macro   0x000010dd       0x51 ./Core/Src/fpga_access.o
 .debug_macro   0x0000112e      0x103 ./Core/Src/fpga_access.o
 .debug_macro   0x00001231       0x6a ./Core/Src/fpga_access.o
 .debug_macro   0x0000129b      0x1df ./Core/Src/fpga_access.o
 .debug_macro   0x0000147a       0x1c ./Core/Src/fpga_access.o
 .debug_macro   0x00001496       0x22 ./Core/Src/fpga_access.o
 .debug_macro   0x000014b8       0xfb ./Core/Src/fpga_access.o
 .debug_macro   0x000015b3     0x1305 ./Core/Src/fpga_access.o
 .debug_macro   0x000028b8      0x11f ./Core/Src/fpga_access.o
 .debug_macro   0x000029d7       0x27 ./Core/Src/fpga_access.o
 .debug_macro   0x000029fe    0x258f9 ./Core/Src/fpga_access.o
 .debug_macro   0x000282f7       0x6d ./Core/Src/fpga_access.o
 .debug_macro   0x00028364     0x3d79 ./Core/Src/fpga_access.o
 .debug_macro   0x0002c0dd      0x190 ./Core/Src/fpga_access.o
 .debug_macro   0x0002c26d       0x61 ./Core/Src/fpga_access.o
 .debug_macro   0x0002c2ce       0x29 ./Core/Src/fpga_access.o
 .debug_macro   0x0002c2f7       0x43 ./Core/Src/fpga_access.o
 .debug_macro   0x0002c33a       0x34 ./Core/Src/fpga_access.o
 .debug_macro   0x0002c36e      0x370 ./Core/Src/fpga_access.o
 .debug_macro   0x0002c6de       0x16 ./Core/Src/fpga_access.o
 .debug_macro   0x0002c6f4       0x4a ./Core/Src/fpga_access.o
 .debug_macro   0x0002c73e       0x34 ./Core/Src/fpga_access.o
 .debug_macro   0x0002c772       0x10 ./Core/Src/fpga_access.o
 .debug_macro   0x0002c782       0x58 ./Core/Src/fpga_access.o
 .debug_macro   0x0002c7da       0x8e ./Core/Src/fpga_access.o
 .debug_macro   0x0002c868       0x1c ./Core/Src/fpga_access.o
 .debug_macro   0x0002c884      0x185 ./Core/Src/fpga_access.o
 .debug_macro   0x0002ca09      0x19b ./Core/Src/fpga_access.o
 .debug_macro   0x0002cba4       0x5d ./Core/Src/fpga_access.o
 .debug_macro   0x0002cc01     0x2382 ./Core/Src/fpga_access.o
 .debug_macro   0x0002ef83     0x102c ./Core/Src/fpga_access.o
 .debug_macro   0x0002ffaf      0x154 ./Core/Src/fpga_access.o
 .debug_macro   0x00030103      0x114 ./Core/Src/fpga_access.o
 .debug_macro   0x00030217      0x3b6 ./Core/Src/fpga_access.o
 .debug_macro   0x000305cd       0xac ./Core/Src/fpga_access.o
 .debug_macro   0x00030679      0x72d ./Core/Src/fpga_access.o
 .debug_macro   0x00030da6      0x228 ./Core/Src/fpga_access.o
 .debug_macro   0x00030fce       0x66 ./Core/Src/fpga_access.o
 .debug_macro   0x00031034      0x3bb ./Core/Src/fpga_access.o
 .debug_macro   0x000313ef      0x3e4 ./Core/Src/fpga_access.o
 .debug_macro   0x000317d3      0x275 ./Core/Src/fpga_access.o
 .debug_macro   0x00031a48      0x3ca ./Core/Src/fpga_access.o
 .debug_macro   0x00031e12      0x408 ./Core/Src/fpga_access.o
 .debug_macro   0x0003221a       0x51 ./Core/Src/fpga_access.o
 .debug_macro   0x0003226b       0x4a ./Core/Src/fpga_access.o
 .debug_macro   0x000322b5      0x512 ./Core/Src/fpga_access.o
 .debug_macro   0x000327c7      0x22c ./Core/Src/fpga_access.o
 .debug_macro   0x000329f3       0x67 ./Core/Src/fpga_access.o
 .debug_macro   0x00032a5a       0xa5 ./Core/Src/fpga_access.o
 .debug_macro   0x00032aff      0x1c4 ./Core/Src/fpga_access.o
 .debug_macro   0x00032cc3      0x25e ./Core/Src/fpga_access.o
 .debug_macro   0x00032f21       0x35 ./Core/Src/fpga_access.o
 .debug_macro   0x00032f56      0x5a0 ./Core/Src/fpga_access.o
 .debug_macro   0x000334f6       0x6a ./Core/Src/fpga_access.o
 .debug_macro   0x00033560      0x2e5 ./Core/Src/main.o
 .debug_macro   0x00033845       0x4c ./Core/Src/main.o
 .debug_macro   0x00033891       0x1c ./Core/Src/main.o
 .debug_macro   0x000338ad       0x3c ./Core/Src/main.o
 .debug_macro   0x000338e9       0x10 ./Core/Src/main.o
 .debug_macro   0x000338f9       0x1c ./Core/Src/main.o
 .debug_macro   0x00033915       0x16 ./Core/Src/main.o
 .debug_macro   0x0003392b      0x146 ./Core/Src/main.o
 .debug_macro   0x00033a71      0x2a8 ./Core/Src/stm32h7xx_hal_msp.o
 .debug_macro   0x00033d19      0x2b2 ./Core/Src/stm32h7xx_it.o
 .debug_macro   0x00033fcb      0x299 ./Core/Src/system_stm32h7xx.o
 .debug_macro   0x00034264      0x2c3 ./Drivers/STM32H7xx_HAL_Driver/Src/stm32h7xx_hal.o
 .debug_macro   0x00034527      0x299 ./Drivers/STM32H7xx_HAL_Driver/Src/stm32h7xx_hal_cortex.o
 .debug_macro   0x000347c0      0x2a0 ./Drivers/STM32H7xx_HAL_Driver/Src/stm32h7xx_hal_gpio.o
 .debug_macro   0x00034a60      0x2d2 ./Drivers/STM32H7xx_HAL_Driver/Src/stm32h7xx_hal_pwr_ex.o
 .debug_macro   0x00034d32      0x2bd ./Drivers/STM32H7xx_HAL_Driver/Src/stm32h7xx_hal_rcc.o
 .debug_macro   0x00034fef      0x2b7 ./Drivers/STM32H7xx_HAL_Driver/Src/stm32h7xx_hal_rcc_ex.o
 .debug_macro   0x000352a6      0x299 ./Drivers/STM32H7xx_HAL_Driver/Src/stm32h7xx_hal_sram.o
 .debug_macro   0x0003553f      0x2c3 ./Drivers/STM32H7xx_HAL_Driver/Src/stm32h7xx_ll_fmc.o

.debug_line     0x00000000     0xb91d
 .debug_line    0x00000000      0x9bc ./Core/Src/fpga_access.o
 .debug_line    0x000009bc      0xb28 ./Core/Src/main.o
 .debug_line    0x000014e4      0x99c ./Core/Src/stm32h7xx_hal_msp.o
 .debug_line    0x00001e80      0x963 ./Core/Src/stm32h7xx_it.o
 .debug_line    0x000027e3      0xa62 ./Core/Src/system_stm32h7xx.o
 .debug_line    0x00003245       0x7a ./Core/Startup/startup_stm32h743igkx.o
 .debug_line    0x000032bf      0xe7c ./Drivers/STM32H7xx_HAL_Driver/Src/stm32h7xx_hal.o
 .debug_line    0x0000413b      0xe66 ./Drivers/STM32H7xx_HAL_Driver/Src/stm32h7xx_hal_cortex.o
 .debug_line    0x00004fa1      0xd05 ./Drivers/STM32H7xx_HAL_Driver/Src/stm32h7xx_hal_gpio.o
 .debug_line    0x00005ca6     0x1000 ./Drivers/STM32H7xx_HAL_Driver/Src/stm32h7xx_hal_pwr_ex.o
 .debug_line    0x00006ca6     0x1523 ./Drivers/STM32H7xx_HAL_Driver/Src/stm32h7xx_hal_rcc.o
 .debug_line    0x000081c9     0x1dab ./Drivers/STM32H7xx_HAL_Driver/Src/stm32h7xx_hal_rcc_ex.o
 .debug_line    0x00009f74      0xd7e ./Drivers/STM32H7xx_HAL_Driver/Src/stm32h7xx_hal_sram.o
 .debug_line    0x0000acf2      0xc2b ./Drivers/STM32H7xx_HAL_Driver/Src/stm32h7xx_ll_fmc.o

.debug_str      0x00000000   0x1532a5
 .debug_str     0x00000000   0x1532a5 ./Core/Src/fpga_access.o
                             0x14ef05 (size before relaxing)
 .debug_str     0x001532a5   0x15013a ./Core/Src/main.o
 .debug_str     0x001532a5   0x14f6cf ./Core/Src/stm32h7xx_hal_msp.o
 .debug_str     0x001532a5   0x14eb7f ./Core/Src/stm32h7xx_it.o
 .debug_str     0x001532a5   0x14ef11 ./Core/Src/system_stm32h7xx.o
 .debug_str     0x001532a5       0x8d ./Core/Startup/startup_stm32h743igkx.o
 .debug_str     0x001532a5   0x14fe27 ./Drivers/STM32H7xx_HAL_Driver/Src/stm32h7xx_hal.o
 .debug_str     0x001532a5   0x14f862 ./Drivers/STM32H7xx_HAL_Driver/Src/stm32h7xx_hal_cortex.o
 .debug_str     0x001532a5   0x14eec8 ./Drivers/STM32H7xx_HAL_Driver/Src/stm32h7xx_hal_gpio.o
 .debug_str     0x001532a5   0x14f389 ./Drivers/STM32H7xx_HAL_Driver/Src/stm32h7xx_hal_pwr_ex.o
 .debug_str     0x001532a5   0x14f2ac ./Drivers/STM32H7xx_HAL_Driver/Src/stm32h7xx_hal_rcc.o
 .debug_str     0x001532a5   0x14f78d ./Drivers/STM32H7xx_HAL_Driver/Src/stm32h7xx_hal_rcc_ex.o
 .debug_str     0x001532a5   0x14f237 ./Drivers/STM32H7xx_HAL_Driver/Src/stm32h7xx_hal_sram.o
 .debug_str     0x001532a5   0x14f446 ./Drivers/STM32H7xx_HAL_Driver/Src/stm32h7xx_ll_fmc.o

.comment        0x00000000       0x43
 .comment       0x00000000       0x43 ./Core/Src/fpga_access.o
                                 0x44 (size before relaxing)
 .comment       0x00000043       0x44 ./Core/Src/main.o
 .comment       0x00000043       0x44 ./Core/Src/stm32h7xx_hal_msp.o
 .comment       0x00000043       0x44 ./Core/Src/stm32h7xx_it.o
 .comment       0x00000043       0x44 ./Core/Src/system_stm32h7xx.o
 .comment       0x00000043       0x44 ./Drivers/STM32H7xx_HAL_Driver/Src/stm32h7xx_hal.o
 .comment       0x00000043       0x44 ./Drivers/STM32H7xx_HAL_Driver/Src/stm32h7xx_hal_cortex.o
 .comment       0x00000043       0x44 ./Drivers/STM32H7xx_HAL_Driver/Src/stm32h7xx_hal_gpio.o
 .comment       0x00000043       0x44 ./Drivers/STM32H7xx_HAL_Driver/Src/stm32h7xx_hal_pwr_ex.o
 .comment       0x00000043       0x44 ./Drivers/STM32H7xx_HAL_Driver/Src/stm32h7xx_hal_rcc.o
 .comment       0x00000043       0x44 ./Drivers/STM32H7xx_HAL_Driver/Src/stm32h7xx_hal_rcc_ex.o
 .comment       0x00000043       0x44 ./Drivers/STM32H7xx_HAL_Driver/Src/stm32h7xx_hal_sram.o
 .comment       0x00000043       0x44 ./Drivers/STM32H7xx_HAL_Driver/Src/stm32h7xx_ll_fmc.o

.debug_frame    0x00000000     0x22e8
 .debug_frame   0x00000000       0xac ./Core/Src/fpga_access.o
 .debug_frame   0x000000ac       0xd0 ./Core/Src/main.o
 .debug_frame   0x0000017c       0xc4 ./Core/Src/stm32h7xx_hal_msp.o
 .debug_frame   0x00000240      0x104 ./Core/Src/stm32h7xx_it.o
 .debug_frame   0x00000344       0x58 ./Core/Src/system_stm32h7xx.o
 .debug_frame   0x0000039c      0x690 ./Drivers/STM32H7xx_HAL_Driver/Src/stm32h7xx_hal.o
 .debug_frame   0x00000a2c      0x508 ./Drivers/STM32H7xx_HAL_Driver/Src/stm32h7xx_hal_cortex.o
 .debug_frame   0x00000f34      0x14c ./Drivers/STM32H7xx_HAL_Driver/Src/stm32h7xx_hal_gpio.o
 .debug_frame   0x00001080      0x580 ./Drivers/STM32H7xx_HAL_Driver/Src/stm32h7xx_hal_pwr_ex.o
 .debug_frame   0x00001600      0x1f8 ./Drivers/STM32H7xx_HAL_Driver/Src/stm32h7xx_hal_rcc.o
 .debug_frame   0x000017f8      0x414 ./Drivers/STM32H7xx_HAL_Driver/Src/stm32h7xx_hal_rcc_ex.o
 .debug_frame   0x00001c0c      0x314 ./Drivers/STM32H7xx_HAL_Driver/Src/stm32h7xx_hal_sram.o
 .debug_frame   0x00001f20      0x37c ./Drivers/STM32H7xx_HAL_Driver/Src/stm32h7xx_ll_fmc.o
 .debug_frame   0x0000229c       0x20 C:/ST/STM32CubeIDE_1.11.0/STM32CubeIDE/plugins/com.st.stm32cube.ide.mcu.externaltools.gnu-tools-for-stm32.13.3.rel1.win32_1.0.0.202411081344/tools/bin/../lib/gcc/arm-none-eabi/13.3.1/../../../../arm-none-eabi/lib/thumb/v7e-m+dp/hard\libc_nano.a(libc_a-memset.o)
 .debug_frame   0x000022bc       0x2c C:/ST/STM32CubeIDE_1.11.0/STM32CubeIDE/plugins/com.st.stm32cube.ide.mcu.externaltools.gnu-tools-for-stm32.13.3.rel1.win32_1.0.0.202411081344/tools/bin/../lib/gcc/arm-none-eabi/13.3.1/../../../../arm-none-eabi/lib/thumb/v7e-m+dp/hard\libc_nano.a(libc_a-init.o)

.debug_line_str
                0x00000000       0x71
 .debug_line_str
                0x00000000       0x71 ./Core/Startup/startup_stm32h743igkx.o
