../Core/Src/stm32h7xx_it.c:51:6:HardFault_HandlerC	16	static,ignoring_inline_asm
../Core/Src/stm32h7xx_it.c:86:6:NMI_Handler	4	static
../Core/Src/stm32h7xx_it.c:96:29:HardFault_Handler	0	static,ignoring_inline_asm
../Core/Src/stm32h7xx_it.c:111:6:MemManage_Handler	4	static
../Core/Src/stm32h7xx_it.c:121:6:BusFault_Handler	4	static
../Core/Src/stm32h7xx_it.c:131:6:UsageFault_Handler	4	static
../Core/Src/stm32h7xx_it.c:141:6:SVC_Handler	4	static
../Core/Src/stm32h7xx_it.c:148:6:DebugMon_Handler	4	static
../Core/Src/stm32h7xx_it.c:155:6:PendSV_Handler	4	static
../Core/Src/stm32h7xx_it.c:162:6:SysTick_Handler	8	static
