#-----------------------------------------------------------
# Vivado v2025.2 (64-bit)
# SW Build 6299465 on Fri Nov 14 19:35:11 GMT 2025
# IP Build 6300035 on Fri Nov 14 10:48:45 MST 2025
# SharedData Build 6298862 on Thu Nov 13 04:50:51 MST 2025
# Start of session at: Thu Apr  2 13:49:20 2026
# Process ID         : 20664
# Current directory  : D:/2024/Driver/Development/FW/Quadrature/FPGA_part/targeting
# Command line       : vivado.exe -gui_launcher_event rodinguilauncherevent12260 D:\2024\Driver\Development\FW\Quadrature\FPGA_part\targeting\servo_encoder_v1_0.xpr
# Log file           : D:/2024/Driver/Development/FW/Quadrature/FPGA_part/targeting/vivado.log
# Journal file       : D:/2024/Driver/Development/FW/Quadrature/FPGA_part/targeting\vivado.jou
# Running On         : DESKTOP-B6IK1LQ
# Platform           : Windows Server 2016 or Windows 10
# Operating System   : 22000
# Processor Detail   : 12th Gen Intel(R) Core(TM) i7-12700F
# CPU Frequency      : 2112 MHz
# CPU Physical cores : 12
# CPU Logical cores  : 20
# Host memory        : 34192 MB
# Swap memory        : 5100 MB
# Total Virtual      : 39292 MB
# Available Virtual  : 26278 MB
#-----------------------------------------------------------
start_gui
open_project D:/2024/Driver/Development/FW/Quadrature/FPGA_part/targeting/servo_encoder_v1_0.xpr
update_compile_order -fileset sources_1
